---
source: zellij-server/src/./unit/screen_tests.rs
assertion_line: 1565
expression: "format!(\"{}\", snapshot)"
---
00 (C): ┌ Pane #1 ─────────────────────────────┐┌ Pane #2 ─────────────────────────────┐
01 (C): │                                      ││                                      │
02 (C): │                                      ││                                      │
03 (C): │                                      ││                                      │
04 (C): │                                      ││                                      │
05 (C): │                                      ││                                      │
06 (C): │                                      ││                                      │
07 (C): │                                      ││                                      │
08 (C): │                                      ││                                      │
09 (C): └──────────────────────────────────────┘└──────────────────────────────────────┘

