---
source: zellij-server/src/./unit/screen_tests.rs
assertion_line: 3081
expression: "format!(\"{}\", snapshot_count)"
---
4
