---
source: zellij-utils/src/kdl/mod.rs
assertion_line: 3723
expression: serialized.to_string()
---
themes {
    nord {
        fg 216 222 233
        bg 46 52 64
        red 191 97 106
        green 163 190 140
        yellow 235 203 139
        blue 129 161 193
        magenta 180 142 173
        orange 208 135 112
        cyan 136 192 208
        black 59 66 82
        white 229 233 240
    }
}
