---
source: src/tests/e2e/cases.rs
assertion_line: 1906
expression: first_runner_snapshot
---
 Zellij (multiple_users_in_different_tabs)  Tab #1  Tab #2 [ ]
┌ Pane #1 ────────────────────────────────────────────┤ MY FOCUS ├─────────────────────────────────────────────────────┐
│$ █                                                                                                                   │
│                                                                                                                      │
│                                                                                                                      │
│                                                                                                                      │
│                                                                                                                      │
│                                                                                                                      │
│                                                                                                                      │
│                                                                                                                      │
│                                                                                                                      │
│                                                                                                                      │
│                                                                                                                      │
│                                                                                                                      │
│                                                                                                                      │
│                                                                                                                      │
│                                                                                                                      │
│                                                                                                                      │
│                                                                                                                      │
│                                                                                                                      │
│                                                                                                                      │
│                                                                                                                      │
└──────────────────────────────────────────────────────────────────────────────────────────────────────────────────────┘
 Ctrl + <g> LOCK  <p> PANE  <t> TAB  <n> RESIZE  <h> MOVE  <s> SEARCH  <o> SESSION  <q> QUIT           
