---
source: src/tests/e2e/cases.rs
assertion_line: 1252
expression: last_snapshot
---
 Zellij (e2e-test)  Tab #1  Tab #2  Tab #3  Tab #4 
┌ Pane #1 ─────────────────────────────────────────────────┐┌ Pane #2 ─────────────────────────────────────────────────┐
│                                                          ││                                                          │
│$                                                         ││$                                                         │
│$                                                         ││$                                                         │
│                                                          ││                                                          │
│                            ┌ Pane #4 ───────────────────────────────────────────────┐                                │
│                            │                                                        │                                │
│                            │$┌ top ───────────────────────────────────────────────────┐                              │
│                            │$│                                                        │                              │
│                            │ │                                                        │─┐                            │
│                            │ │                                                        │ │────────────────────────────┘
│                            │ │                  Waiting to run: top                   │ │────────────────────────────┐
│                            │ │                                                        │ │                            │
│                            │ │    <ENTER> run, <ESC> drop to shell, <Ctrl-c> exit     │ │                            │
│                            └─│                                                        │ │                            │
│                              │                                                        │ │                            │
│                              └─ <ENTER> run, <ESC> drop to shell, <Ctrl-c> exit ──────┘ │                            │
│                                │                                                        │                            │
│                                └────────────────────────────────────────────────────────┘                            │
│                                                          ││                                                          │
└──────────────────────────────────────────────────────────┘└──────────────────────────────────────────────────────────┘
 Ctrl + <g> LOCK  <p> PANE  <t> TAB  <n> RESIZE  <h> MOVE  <s> SEARCH  <o> SESSION  <q> QUIT  BASE 
 (FLOATING PANES VISIBLE): Press Ctrl p, <w> to hide.                                                                   
