---
source: src/tests/e2e/cases.rs
assertion_line: 1809
expression: second_runner_snapshot
---
 Zellij (multiple_users_in_same_pane_and_tab)  Tab #1 [ ]
┌ Pane #1 ───────────┤ FOCUSED USER:   ├───────────────────┐┌ Pane #2 ──────────────┤ MY FOCUS ├───────────────────────┐
│$                                                         ││$ █                                                       │
│                                                          ││                                                          │
│                                                          ││                                                          │
│                                                          ││                                                          │
│                                                          ││                                                          │
│                                                          ││                                                          │
│                                                          ││                                                          │
│                                                          ││                                                          │
│                                                          ││                                                          │
│                                                          ││                                                          │
│                                                          ││                                                          │
│                                                          ││                                                          │
│                                                          ││                                                          │
│                                                          ││                                                          │
│                                                          ││                                                          │
│                                                          ││                                                          │
│                                                          ││                                                          │
│                                                          ││                                                          │
│                                                          ││                                                          │
│                                                          ││                                                          │
└──────────────────────────────────────────────────────────┘└──────────────────────────────────────────────────────────┘
 Ctrl + <g> LOCK  <p> PANE  <t> TAB  <n> RESIZE  <h> MOVE  <s> SEARCH  <o> SESSION  <q> QUIT           
