---
source: src/tests/e2e/cases.rs
assertion_line: 2031
expression: last_snapshot
---
 Zellij (e2e-test)  Tab #1 
┌ Pane #1 ─────────────────────────────────────────────────┐┌ /usr/src/zellij/fixtures/append-echo-script.sh ──────────┐
│$ /usr/src/zellij/x86_64-unknown-linux-musl/release/zellij││foo                                                       │
│ run -s -- "/usr/src/zellij/fixtures/append-echo-script.sh││                                                          │
│"                                                         ││                                                          │
│$                                                         ││                                                          │
│                                                          ││                                                          │
│                                                          ││                                                          │
│                                                          ││                                                          │
│                                                          ││                                                          │
│                                                          ││Waiting to run: /usr/src/zellij/fixtures/append-echo-scrip│
│                                                          ││t.sh                                                      │
│                                                          ││            <ENTER> to run, <Ctrl-c> to exit              │
│                                                          ││                                                          │
│                                                          ││                                                          │
│                                                          ││                                                          │
│                                                          ││                                                          │
│                                                          ││                                                          │
│                                                          ││                                                          │
│                                                          ││                                                          │
│                                                          ││                                                          │
└──────────────────────────────────────────────────────────┘└─ <ENTER> to run, <Ctrl-c> to exit ───────────────────────┘
 Ctrl + <g> LOCK  <p> PANE  <t> TAB  <n> RESIZE  <h> MOVE  <s> SEARCH  <o> SESSION  <q> QUIT 
 Tip: Alt + <n> => new pane. Alt + <←↓↑→> or Alt + <hjkl> => navigate. Alt + <+|-> => resize pane.                      
