---
source: src/tests/e2e/cases.rs
assertion_line: 1476
expression: last_snapshot
---
 Zellij (e2e-test)  Tab #1 
$                                                          │$ █                                                         
$                                                          │                                                            
                                                           │                                                            
                                                           │                                                            
                                                           │                                                            
                                                           │                                                            
                                                           │                                                            
                                                           │                                                            
                                                           │                                                            
                                                           │                                                            
                                                           │                                                            
                                                           │                                                            
                                                           │                                                            
                                                           │                                                            
                                                           │                                                            
                                                           │                                                            
                                                           │                                                            
                                                           │                                                            
                                                           │                                                            
                                                           │                                                            
                                                           │                                                            
                                                           │                                                            
 Ctrl + <g> LOCK  <p> PANE  <t> TAB  <n> RESIZE  <h> MOVE  <s> SEARCH  <o> SESSION  <q> QUIT           
