---
source: src/tests/e2e/cases.rs
assertion_line: 305
expression: last_snapshot
---
 Zellij (e2e-test)  Tab #1 
┌ Pane #1 ─────────────────────────────────────────────────┐┌ Pane #2 ─────────────────────────────────── SCROLL:  1/4 ┐
│$                                                         ││line3                                                     │
│                                                          ││line4                                                     │
│                                                          ││line5                                                     │
│                                                          ││line6                                                     │
│                                                          ││line7                                                     │
│                                                          ││line8                                                     │
│                                                          ││line9                                                     │
│                                                          ││line10                                                    │
│                                                          ││line11                                                    │
│                                                          ││line12                                                    │
│                                                          ││line13                                                    │
│                                                          ││line14                                                    │
│                                                          ││line15                                                    │
│                                                          ││line16                                                    │
│                                                          ││line17                                                    │
│                                                          ││line18                                                    │
│                                                          ││line19                                                    │
│                                                          ││line20                                                    │
│                                                          ││li█e21                                                    │
└──────────────────────────────────────────────────────────┘└──────────────────────────────────────────────────────────┘
 Ctrl + <g> LOCK  <p> PANE  <t> TAB  <n> RESIZE  <h> MOVE  <s> SEARCH  <o> SESSION  <q> QUIT 
 <s> Search / <↓↑> Scroll / <PgDn|PgUp> Scroll / <d|u> Scroll / <e> Edit / <ENTER> Select                               
