---
source: zellij-utils/src/input/./unit/layout_test.rs
assertion_line: 1153
expression: "format!(\"{:#?}\", layout)"
---
Layout {
    tabs: [],
    focused_tab_index: None,
    template: Some(
        PaneLayout {
            children_split_direction: Horizontal,
            name: None,
            children: [
                PaneLayout {
                    children_split_direction: Horizontal,
                    name: None,
                    children: [],
                    split_size: None,
                    run: Some(
                        Command(
                            RunCommand {
                                command: "tail",
                                args: [],
                                cwd: None,
                                hold_on_close: true,
                                hold_on_start: false,
                            },
                        ),
                    ),
                    borderless: false,
                    focus: None,
                    external_children_index: None,
                },
                PaneLayout {
                    children_split_direction: Horizontal,
                    name: None,
                    children: [],
                    split_size: None,
                    run: Some(
                        Command(
                            RunCommand {
                                command: "tail",
                                args: [],
                                cwd: Some(
                                    "/home",
                                ),
                                hold_on_close: true,
                                hold_on_start: false,
                            },
                        ),
                    ),
                    borderless: false,
                    focus: None,
                    external_children_index: None,
                },
            ],
            split_size: None,
            run: None,
            borderless: false,
            focus: None,
            external_children_index: None,
        },
    ),
    floating_panes_template: [],
}
