---
source: zellij-utils/src/input/./unit/layout_test.rs
expression: "format!(\"{:#?}\", layout)"
---
Layout {
    tabs: [
        (
            None,
            PaneLayout {
                children_split_direction: Horizontal,
                name: None,
                children: [
                    PaneLayout {
                        children_split_direction: Horizontal,
                        name: None,
                        children: [
                            PaneLayout {
                                children_split_direction: Horizontal,
                                name: None,
                                children: [],
                                split_size: None,
                                run: Some(
                                    Command(
                                        RunCommand {
                                            command: None,
                                            args: [],
                                            cwd: Some(
                                                "/tmp/./foo",
                                            ),
                                            env: {},
                                            hold_on_close: false,
                                            hold_on_start: false,
                                        },
                                    ),
                                ),
                                borderless: false,
                                focus: None,
                                external_children_index: None,
                            },
                            PaneLayout {
                                children_split_direction: Horizontal,
                                name: None,
                                children: [],
                                split_size: None,
                                run: Some(
                                    Command(
                                        RunCommand {
                                            command: Some(
                                                "tail",
                                            ),
                                            args: [],
                                            cwd: Some(
                                                "/tmp/./foo/./bar",
                                            ),
                                            env: {},
                                            hold_on_close: true,
                                            hold_on_start: false,
                                        },
                                    ),
                                ),
                                borderless: false,
                                focus: None,
                                external_children_index: None,
                            },
                            PaneLayout {
                                children_split_direction: Horizontal,
                                name: None,
                                children: [
                                    PaneLayout {
                                        children_split_direction: Horizontal,
                                        name: None,
                                        children: [],
                                        split_size: None,
                                        run: Some(
                                            Command(
                                                RunCommand {
                                                    command: None,
                                                    args: [],
                                                    cwd: Some(
                                                        "/tmp/./foo",
                                                    ),
                                                    env: {},
                                                    hold_on_close: false,
                                                    hold_on_start: false,
                                                },
                                            ),
                                        ),
                                        borderless: false,
                                        focus: None,
                                        external_children_index: None,
                                    },
                                ],
                                split_size: None,
                                run: Some(
                                    Command(
                                        RunCommand {
                                            command: None,
                                            args: [],
                                            cwd: Some(
                                                "/tmp/./foo",
                                            ),
                                            env: {},
                                            hold_on_close: false,
                                            hold_on_start: false,
                                        },
                                    ),
                                ),
                                borderless: false,
                                focus: None,
                                external_children_index: None,
                            },
                        ],
                        split_size: None,
                        run: Some(
                            Command(
                                RunCommand {
                                    command: None,
                                    args: [],
                                    cwd: Some(
                                        "/tmp/./foo",
                                    ),
                                    env: {},
                                    hold_on_close: false,
                                    hold_on_start: false,
                                },
                            ),
                        ),
                        borderless: false,
                        focus: None,
                        external_children_index: None,
                    },
                ],
                split_size: None,
                run: Some(
                    Command(
                        RunCommand {
                            command: None,
                            args: [],
                            cwd: Some(
                                "/tmp/./foo",
                            ),
                            env: {},
                            hold_on_close: false,
                            hold_on_start: false,
                        },
                    ),
                ),
                borderless: false,
                focus: None,
                external_children_index: None,
            },
        ),
    ],
    focused_tab_index: None,
    template: Some(
        PaneLayout {
            children_split_direction: Horizontal,
            name: None,
            children: [],
            split_size: None,
            run: None,
            borderless: false,
            focus: None,
            external_children_index: None,
        },
    ),
}
