---
source: zellij-utils/src/input/./unit/theme_test.rs
expression: "format!(\"{:#?}\", theme)"
---
{
    "dracula": Theme {
        palette: Palette {
            source: Default,
            theme_hue: Dark,
            fg: Rgb(
                (
                    248,
                    248,
                    242,
                ),
            ),
            bg: Rgb(
                (
                    40,
                    42,
                    54,
                ),
            ),
            black: Rgb(
                (
                    0,
                    0,
                    0,
                ),
            ),
            red: Rgb(
                (
                    255,
                    85,
                    85,
                ),
            ),
            green: Rgb(
                (
                    80,
                    250,
                    123,
                ),
            ),
            yellow: Rgb(
                (
                    241,
                    250,
                    140,
                ),
            ),
            blue: Rgb(
                (
                    98,
                    114,
                    164,
                ),
            ),
            magenta: Rgb(
                (
                    255,
                    121,
                    198,
                ),
            ),
            cyan: Rgb(
                (
                    139,
                    233,
                    253,
                ),
            ),
            white: Rgb(
                (
                    255,
                    255,
                    255,
                ),
            ),
            orange: Rgb(
                (
                    255,
                    184,
                    108,
                ),
            ),
            gray: EightBit(
                0,
            ),
            purple: EightBit(
                0,
            ),
            gold: EightBit(
                0,
            ),
            silver: EightBit(
                0,
            ),
            pink: EightBit(
                0,
            ),
            brown: EightBit(
                0,
            ),
        },
    },
}
