---
source: zellij-server/src/tab/./unit/tab_integration_tests.rs
expression: snapshot
---
00 (C): ┌ Pane #1 ──────────────────────────────────────────────────────────────────────────────────────────────────────────────┐
01 (C): │                                                                                                                       │
02 (C): │                                                                                                                       │
03 (C): │                                                                                                                       │
04 (C): │                                                                                                                       │
05 (C): │                             ┌ Renamed floating pane ───────────────────────────────────┐                              │
06 (C): │                             │                                                          │                              │
07 (C): │                             │                                                          │                              │
08 (C): │                             │                                                          │                              │
09 (C): │                             │                   I am a floating pane                   │                              │
10 (C): │                             │                                                          │                              │
11 (C): │                             │                                                          │                              │
12 (C): │                             │                                                          │                              │
13 (C): │                             │                                                          │                              │
14 (C): │                             └──────────────────────────────────────────────────────────┘                              │
15 (C): │                                                                                                                       │
16 (C): │                                                                                                                       │
17 (C): │                                                                                                                       │
18 (C): │                                                                                                                       │
19 (C): └───────────────────────────────────────────────────────────────────────────────────────────────────────────────────────┘

