---
source: zellij-server/src/tab/./unit/tab_integration_tests.rs
assertion_line: 2701
expression: "format!(\"{:?}\", * tty_stdin_bytes.lock().unwrap())"
---
{1: [27, 91, 79], 3: [27, 91, 73]}
