---
source: zellij-server/src/tab/./unit/tab_integration_tests.rs
assertion_line: 2614
expression: "format!(\"{:?}\", * tty_stdin_bytes.lock().unwrap())"
---
{1: [27, 91, 73, 27, 91, 79, 27, 91, 73], 2: [27, 91, 79]}
