---
source: zellij-server/src/plugins/./unit/plugin_tests.rs
assertion_line: 6236
expression: "format!(\"{:#?}\", switch_session_event)"
---
Some(
    SwitchSession(
        ConnectToSession {
            name: Some(
                "my_new_session",
            ),
            tab_position: None,
            pane_id: None,
            layout: None,
            cwd: None,
        },
        1,
    ),
)
