---
source: zellij-server/src/plugins/./unit/plugin_tests.rs
assertion_line: 3306
expression: "format!(\"{:#?}\", new_tab_event)"
---
Some(
    GoToTab(
        3,
        Some(
            1,
        ),
    ),
)
