---
source: zellij-server/src/plugins/./unit/plugin_tests.rs
expression: "format!(\"{:#?}\", new_tab_event)"
---
Some(
    TogglePaneFrames(
        Some(
            NotificationEnd {
                channel: None,
                exit_status: None,
            },
        ),
    ),
)
