---
source: zellij-server/src/plugins/./unit/plugin_tests.rs
assertion_line: 2685
expression: "format!(\"{:#?}\", new_tab_event)"
---
Some(
    DetachSession(
        [
            1,
        ],
    ),
)
