---
source: zellij-server/src/plugins/./unit/plugin_tests.rs
assertion_line: 2118
expression: "format!(\"{:#?}\", new_tab_event)"
---
Some(
    CloseTab(
        1,
    ),
)
