---
source: zellij-server/src/plugins/./unit/plugin_tests.rs
assertion_line: 7411
expression: "format!(\"{:#?}\", screen_instruction)"
---
Some(
    MovePaneWithPaneIdInDirection(
        Terminal(
            2,
        ),
        Left,
    ),
)
