---
source: zellij-server/src/plugins/./unit/plugin_tests.rs
assertion_line: 2010
expression: "format!(\"{:#?}\", new_tab_event)"
---
Some(
    CloseFocusedPane(
        1,
    ),
)
